[backblue.gif]
[fade.gif]
[index.html]
[www.karneltravelguide.somee.com/images/favicon.png]
[www.karneltravelguide.somee.com/bundles/modernizr8fce]
[www.karneltravelguide.somee.com/images/Logo.png]
[www.karneltravelguide.somee.com/images/slider1.jpg]
[www.karneltravelguide.somee.com/images/slider2.jpg]
[www.karneltravelguide.somee.com/images/slider3.jpg]
[www.karneltravelguide.somee.com/images/slider4.jpg]
[www.karneltravelguide.somee.com/images/tour-1.jpg]
[www.karneltravelguide.somee.com/images/tour-2.jpg]
[www.karneltravelguide.somee.com/images/tour-3.jpg]
[www.karneltravelguide.somee.com/images/tour-4.jpg]
[www.karneltravelguide.somee.com/images/tour-5.jpg]
[www.karneltravelguide.somee.com/images/tour-6.jpg]
[www.karneltravelguide.somee.com/images/tour-7.jpg]
[www.karneltravelguide.somee.com/images/tour-8.jpg]
[www.karneltravelguide.somee.com/images/best-offer-cruise.jpg]
[www.karneltravelguide.somee.com/images/mas-gallery-1.jpg]
[www.karneltravelguide.somee.com/images/mas-gallery-2.jpg]
[www.karneltravelguide.somee.com/images/mas-gallery-3.jpg]
[www.karneltravelguide.somee.com/images/mas-gallery-4.jpg]
[www.karneltravelguide.somee.com/images/mas-gallery-5.jpg]
[www.karneltravelguide.somee.com/images/mas-gallery-6.jpg]
[www.karneltravelguide.somee.com/images/mas-gallery-7.jpg]
[www.karneltravelguide.somee.com/images/mas-gallery-8.jpg]
[www.karneltravelguide.somee.com/images/team-member-1.jpg]
[www.karneltravelguide.somee.com/images/team-member-2.jpg]
[www.karneltravelguide.somee.com/images/team-member-3.jpg]
[www.karneltravelguide.somee.com/images/team-member-4.jpg]
[www.karneltravelguide.somee.com/images/team-member-5.jpg]
[www.karneltravelguide.somee.com/images/reviewer-1.jpg]
[www.karneltravelguide.somee.com/images/reviewer-2.jpg]
[www.karneltravelguide.somee.com/images/reviewer-3.jpg]
[www.karneltravelguide.somee.com/bundles/jqueryc061]
[www.karneltravelguide.somee.com/bundles/jqueryval04bf]
[www.karneltravelguide.somee.com/sitemap.xml]
[www.karneltravelguide.somee.com/js/jquery.min.js]
[www.karneltravelguide.somee.com/js/jquery.colorpanel.js]
[www.karneltravelguide.somee.com/js/jquery.magnific-popup.min.js]
[www.karneltravelguide.somee.com/js/jquery.flexslider.js]
[www.karneltravelguide.somee.com/js/bootstrap-datepicker.js]
[www.karneltravelguide.somee.com/js/bootstrap.min.js]
[www.karneltravelguide.somee.com/js/owl.carousel.min.js]
[www.karneltravelguide.somee.com/js/custom-navigation.js]
[www.karneltravelguide.somee.com/js/custom-gallery.js]
[www.karneltravelguide.somee.com/js/custom-flex.js]
[www.karneltravelguide.somee.com/js/custom-owl.js]
[www.karneltravelguide.somee.com/js/custom-date-picker.js]
[www.karneltravelguide.somee.com/bundles/jqueryajax09b8]
[www.karneltravelguide.somee.com/bundles/bootstrap1b68]
[www.karneltravelguide.somee.com/index.html]
[www.karneltravelguide.somee.com/fonts/glyphicons-halflings-regular.eot]
[www.karneltravelguide.somee.com/fonts/glyphicons-halflings-regulard41dd41d.eot]
[www.karneltravelguide.somee.com/fonts/glyphicons-halflings-regular.woff2]
[www.karneltravelguide.somee.com/fonts/glyphicons-halflings-regular.woff]
[www.karneltravelguide.somee.com/fonts/glyphicons-halflings-regular.ttf]
[www.karneltravelguide.somee.com/fonts/fontawesome-webfont3e6e3e6e.eot]
[www.karneltravelguide.somee.com/fonts/fontawesome-webfontd41dd41d.eot]
[www.karneltravelguide.somee.com/fonts/fontawesome-webfont3e6e3e6e.woff2]
[www.karneltravelguide.somee.com/fonts/fontawesome-webfont3e6e3e6e.woff]
[www.karneltravelguide.somee.com/fonts/fontawesome-webfont3e6e3e6e.ttf]
[www.karneltravelguide.somee.com/images/color.png]
[www.karneltravelguide.somee.com/images/loader-orange.gif]
[www.karneltravelguide.somee.com/images/megamenu.jpg]
[www.karneltravelguide.somee.com/images/hotel-offers.jpg]
[www.karneltravelguide.somee.com/images/tour-offers.jpg]
[www.karneltravelguide.somee.com/images/video-banner.jpg]
[www.karneltravelguide.somee.com/images/message-banner.jpg]
[www.karneltravelguide.somee.com/images/highlights.jpg]
[www.karneltravelguide.somee.com/images/testimonials.jpg]
[www.karneltravelguide.somee.com/images/flight-testimonials.jpg]
[www.karneltravelguide.somee.com/images/tour-testimonials.jpg]
[www.karneltravelguide.somee.com/images/car-packages.jpg]
[www.karneltravelguide.somee.com/images/newsletter.jpg]
[www.karneltravelguide.somee.com/images/contact-form.jpg]
[www.karneltravelguide.somee.com/images/cover-flight-grid-list.jpg]
[www.karneltravelguide.somee.com/images/cover-flight-detail.jpg]
[www.karneltravelguide.somee.com/images/cover-hotel-grid-list.jpg]
[www.karneltravelguide.somee.com/images/cover-hotel-detail.jpg]
[www.karneltravelguide.somee.com/images/cover-car-search.jpg]
[www.karneltravelguide.somee.com/images/Resorts.jpg]
[www.karneltravelguide.somee.com/images/cover-tour-grid-list.jpg]
[www.karneltravelguide.somee.com/images/cover-tour-detail.jpg]
[www.karneltravelguide.somee.com/images/cover-cruise-grid-list.jpg]
[www.karneltravelguide.somee.com/images/cover-cruise-detail.jpg]
[www.karneltravelguide.somee.com/images/cover-car-grid-list.jpg]
[www.karneltravelguide.somee.com/images/cover-car-detail.jpg]
[www.karneltravelguide.somee.com/images/cover-about-us.jpg]
[www.karneltravelguide.somee.com/images/cover-blog-listing.jpg]
[www.karneltravelguide.somee.com/images/cover-blog-details.jpg]
[www.karneltravelguide.somee.com/images/cover-gallery.jpg]
[www.karneltravelguide.somee.com/images/cover-team.jpg]
[www.karneltravelguide.somee.com/images/cover-registration.jpg]
[www.karneltravelguide.somee.com/images/cover-login.jpg]
[www.karneltravelguide.somee.com/images/cover-forgot-password.jpg]
[www.karneltravelguide.somee.com/images/cover-byf-info.jpg]
[www.karneltravelguide.somee.com/images/cover-travel-insurance.jpg]
[www.karneltravelguide.somee.com/images/cover-holiday.jpg]
[www.karneltravelguide.somee.com/images/cover-thank-you.jpg]
[www.karneltravelguide.somee.com/images/cover-contact-us.jpg]
[www.karneltravelguide.somee.com/images/cover-flight-booking.jpg]
[www.karneltravelguide.somee.com/images/cover-hotel-booking.jpg]
[www.karneltravelguide.somee.com/images/cover-tour-booking.jpg]
[www.karneltravelguide.somee.com/images/cover-cruise-booking.jpg]
[www.karneltravelguide.somee.com/images/cover-car-booking.jpg]
[www.karneltravelguide.somee.com/images/cover-flight-search.jpg]
[www.karneltravelguide.somee.com/images/cover-hotel-search.jpg]
[www.karneltravelguide.somee.com/images/cover-tour-search.jpg]
[www.karneltravelguide.somee.com/images/cover-cruise-search.jpg]
[www.karneltravelguide.somee.com/images/cover-navbar-wrapper.jpg]
[www.karneltravelguide.somee.com/images/cover-back-img.jpg]
[www.karneltravelguide.somee.com/images/cover-flight-offers.jpg]
[www.karneltravelguide.somee.com/images/cover-hotel-offers.jpg]
[www.karneltravelguide.somee.com/images/cover-tour-offers.jpg]
[www.karneltravelguide.somee.com/images/cover-cruise-offers.jpg]
[www.karneltravelguide.somee.com/images/cover-car-offers.jpg]
[www.karneltravelguide.somee.com/images/cover-price-table.jpg]
[www.karneltravelguide.somee.com/images/cover-testimonials.jpg]
[www.karneltravelguide.somee.com/images/cover-faq.jpg]
[www.karneltravelguide.somee.com/images/cover-services.jpg]
[www.karneltravelguide.somee.com/images/cover-travel-guide.jpg]
[www.karneltravelguide.somee.com/images/cover-full-page-form.jpg]
[www.karneltravelguide.somee.com/images/error-page.jpg]
[www.karneltravelguide.somee.com/images/error-page-2.jpg]
[www.karneltravelguide.somee.com/images/coming-soon-page.jpg]
[www.karneltravelguide.somee.com/css7db2.css]
[www.karneltravelguide.somee.com/apple-touch-icon.html]
[www.karneltravelguide.somee.com/Account/Login.html]
[www.karneltravelguide.somee.com/Information/RetrieveImage/2]
[www.karneltravelguide.somee.com/Information/RetrieveImage/3]
[www.karneltravelguide.somee.com/Information/RetrieveImage/4]
[www.karneltravelguide.somee.com/Information/RetrieveImage/5]
[www.karneltravelguide.somee.com/Information/RetrieveImage/6]
[www.karneltravelguide.somee.com/Information/RetrieveImage/7]
[www.karneltravelguide.somee.com/Information/ToursitSpots.html]
[www.karneltravelguide.somee.com/Information/RetrieveHotelImage/3]
[www.karneltravelguide.somee.com/Information/Hotels.html]
[www.karneltravelguide.somee.com/Information/Resorts.html]
[www.karneltravelguide.somee.com/Information/Transports.html]
[www.karneltravelguide.somee.com/Information/Restaurants.html]
[www.karneltravelguide.somee.com/images/tour-slider-1.jpg]
[www.karneltravelguide.somee.com/images/loading.gif]
[www.karneltravelguide.somee.com/Data/Search.html]
[www.karneltravelguide.somee.com/images/about-content-2.png]
[www.karneltravelguide.somee.com/images/company-1.png]
[www.karneltravelguide.somee.com/images/company-2.png]
[www.karneltravelguide.somee.com/images/company-3.png]
[www.karneltravelguide.somee.com/images/company-4.png]
[www.karneltravelguide.somee.com/images/company-5.png]
[www.karneltravelguide.somee.com/About/About_Us.html]
[www.karneltravelguide.somee.com/Contact/Contact_Us.html]
[www.karneltravelguide.somee.com/tour-detail-right-sidebar.html]
[malsup.github.io/jquery.cycle2.tile.js]
[malsup.github.io/jquery.cycle2.js]
[www.karneltravelguide.somee.com/images/book-slider-1.jpg]
[www.karneltravelguide.somee.com/images/book-slider-2.jpg]
[www.karneltravelguide.somee.com/images/book-slider-3.jpg]
[www.karneltravelguide.somee.com/images/book-slider-4.jpg]
[www.karneltravelguide.somee.com/images/book-slider-5.jpg]
[www.karneltravelguide.somee.com/images/book-slider-6.jpg]
[www.karneltravelguide.somee.com/Register/Registration.html]
[www.karneltravelguide.somee.com/Content/orange.css]
[www.karneltravelguide.somee.com/Content/lightblue.css]
[www.karneltravelguide.somee.com/Content/green.css]
[www.karneltravelguide.somee.com/Content/red.css]
[www.karneltravelguide.somee.com/Content/purple.css]
[www.karneltravelguide.somee.com/Content/caribbean-green.css]
[www.karneltravelguide.somee.com/Content/egg-blue.css]
[www.karneltravelguide.somee.com/Content/atomic.css]
[www.karneltravelguide.somee.com/Content/brown.css]
[www.karneltravelguide.somee.com/Content/blue-violet.css]
[www.karneltravelguide.somee.com/Content/pink.css]
[www.karneltravelguide.somee.com/Content/pigment-green.css]
[www.karneltravelguide.somee.com/images/ui-icons_444444_256x240.html]
[www.karneltravelguide.somee.com/images/ui-icons_555555_256x240.html]
[www.karneltravelguide.somee.com/images/ui-icons_ffffff_256x240.html]
[www.karneltravelguide.somee.com/images/ui-icons_777620_256x240.html]
[www.karneltravelguide.somee.com/images/ui-icons_cc0000_256x240.html]
[www.karneltravelguide.somee.com/images/ui-icons_777777_256x240.html]
[www.karneltravelguide.somee.com/fonts/glyphicons-halflings-regular.svg]
[www.karneltravelguide.somee.com/fonts/flexslider-icon.html]
[www.karneltravelguide.somee.com/fonts/flexslider-icond41dd41d.html]
[www.karneltravelguide.somee.com/fonts/flexslider-icon-2.html]
[www.karneltravelguide.somee.com/fonts/flexslider-icon-3.html]
[www.karneltravelguide.somee.com/fonts/flexslider-icon-4.html]
[www.karneltravelguide.somee.com/fonts/fontawesome-webfont3e6e3e6e.svg]
[www.karneltravelguide.somee.com/grabbing.html]
[www.karneltravelguide.somee.com/AjaxLoader.html]
[www.karneltravelguide.somee.com/ajax-loader.html]
[www.karneltravelguide.somee.com/fonts/slick.html]
[www.karneltravelguide.somee.com/fonts/slickd41dd41d.html]
[www.karneltravelguide.somee.com/fonts/slick-2.html]
[www.karneltravelguide.somee.com/fonts/slick-3.html]
[www.karneltravelguide.somee.com/fonts/slick-4.html]
[www.karneltravelguide.somee.com/Content/bootstrap.min.css]
[www.karneltravelguide.somee.com/Content/font-awesome.min.css]
[www.karneltravelguide.somee.com/Content/style2.css]
[www.karneltravelguide.somee.com/Content/responsive2.css]
[www.karneltravelguide.somee.com/Content/jquery.colorpanel.css]
[www.karneltravelguide.somee.com/Information/tour-detail-left-sidebar.html]
[www.karneltravelguide.somee.com/Information/TourDetails/2.html]
[www.karneltravelguide.somee.com/Information/TourDetails/3.html]
[www.karneltravelguide.somee.com/Information/TourDetails/4.html]
[www.karneltravelguide.somee.com/Information/TourDetails/5.html]
[www.karneltravelguide.somee.com/Information/TourDetails/6.html]
[www.karneltravelguide.somee.com/Information/TourDetails/7.html]
[www.karneltravelguide.somee.com/Information/RetrieveImage/8]
[www.karneltravelguide.somee.com/Information/RetrieveImage/9]
[www.karneltravelguide.somee.com/Information/ToursitSpots4658.html]
[www.karneltravelguide.somee.com/Information/Details/3.html]
[www.karneltravelguide.somee.com/Data/tour-detail-left-sidebar.html]
[www.karneltravelguide.somee.com/images/loader-lightblue.html]
[www.karneltravelguide.somee.com/images/loader-green.html]
[www.karneltravelguide.somee.com/images/loader-red.html]
[www.karneltravelguide.somee.com/images/loader-purple.html]
[www.karneltravelguide.somee.com/images/loader-caribean-green.html]
[www.karneltravelguide.somee.com/images/loader-eggblue.html]
[www.karneltravelguide.somee.com/images/loader-atomic.html]
[www.karneltravelguide.somee.com/images/loader-brown.html]
[www.karneltravelguide.somee.com/images/loader-blue-violet.html]
[www.karneltravelguide.somee.com/images/loader-pink.html]
[www.karneltravelguide.somee.com/images/loader-pigment-green.html]
[www.karneltravelguide.somee.com/Information/TourDetails/8.html]
[www.karneltravelguide.somee.com/Information/TourDetails/9.html]
[www.karneltravelguide.somee.com/Information/ToursitSpots2679.html]
